// Jest Snapshot v1, https://goo.gl/fbAQLP

exports[`Home component matches snapshot 1`] = `
<div
  className="home"
>
  <nav
    className="header"
  >
    <div
      className="header__username"
    />
    <a
      className="header__nav-link"
      href="/"
      onClick={[Function]}
    >
      Home
    </a>
    <a
      className="header__nav-link"
      href="/account"
      onClick={[Function]}
    >
      Account
    </a>
    <a
      className="header__nav-link"
      href="/login"
      onClick={[Function]}
    >
      Login
    </a>
  </nav>
  <p>
    This is the homepage
  </p>
</div>
`;
